]0;~/Desktop/attendancePredictor/attendancePredictor[?1034hCassandras-Air:attendancePredictor cassandrabayer$ [KCassandras-Air:attendancePredictor cassandrabayer$ git status
On branch master
Untracked files:
  (use "git add <file>..." to include in what will be committed)

	[31m.Rproj.user/79FC296B/console06/[m

nothing added to commit but untracked files present (use "git add" to track)
]0;~/Desktop/attendancePredictor/attendancePredictorCassandras-Air:attendancePredictor cassandrabayer$ git add.[K .
]0;~/Desktop/attendancePredictor/attendancePredictorCassandras-Air:attendancePredictor cassandrabayer$ git commit -m "commencing"
[master b6e5368] commencing
 2 files changed, 10 insertions(+)
 create mode 100644 attendancePredictor/.Rproj.user/79FC296B/console06/7AC5F086
 create mode 100644 attendancePredictor/.Rproj.user/79FC296B/console06/INDEX001
]0;~/Desktop/attendancePredictor/attendancePredictorCassandras-Air:attendancePredictor cassandrabayer$ [KCassandras-Air:attendancePredictor cassandrabayer$ [KCassandras-Air:attendancePredictor cassandrabayer$ [KCassandras-Air:attendancePredictor cassandrabayer$ [KCassandras-Air:attendancePredictor cassandrabayer$ git stats[Kus
On branch master
Changes not staged for commit:
  (use "git add <file>..." to update what will be committed)
  (use "git checkout -- <file>..." to discard changes in working directory)

	[31mmodified:   .Rproj.user/79FC296B/console06/7AC5F086[m
	[31mmodified:   .Rproj.user/79FC296B/console06/INDEX001[m

Untracked files:
  (use "git add <file>..." to include in what will be committed)

	[31m../.DS_Store[m
	[31m.DS_Store[m
	[31m.Rproj.user/.DS_Store[m
	[31m.Rproj.user/79FC296B/sources/prop/[m
	[31m.Rproj.user/79FC296B/sources/s-EF4EDC0B/166E60EE[m
	[31m.Rproj.user/79FC296B/sources/s-EF4EDC0B/166E60EE-contents[m
	[31m.Rproj.user/79FC296B/sources/s-EF4EDC0B/92C42C3E[m
	[31m.Rproj.user/79FC296B/sources/s-EF4EDC0B/92C42C3E-contents[m
	[31m.Rproj.user/shared/notebooks/paths[m
	[31mcontroller.R[m

no changes added to commit (use "git add" and/or "git commit -a")
]0;~/Desktop/attendancePredictor/attendancePredictorCassandras-Air:attendancePredictor cassandrabayer$ git add .
]0;~/Desktop/attendancePredictor/attendancePredictorCassandras-Air:attendancePredictor cassandrabayer$ git commit -m " [Kadded basic"[K mapping structure"
[master 0f30ce2] added basic mapping structure
 13 files changed, 255 insertions(+), 2 deletions(-)
 create mode 100644 attendancePredictor/.DS_Store
 create mode 100644 attendancePredictor/.Rproj.user/.DS_Store
 rewrite attendancePredictor/.Rproj.user/79FC296B/console06/INDEX001 (73%)
 create mode 100644 attendancePredictor/.Rproj.user/79FC296B/sources/prop/7AFB11EB
 create mode 100644 attendancePredictor/.Rproj.user/79FC296B/sources/prop/C3F8285A
 create mode 100644 attendancePredictor/.Rproj.user/79FC296B/sources/prop/INDEX
 create mode 100644 attendancePredictor/.Rproj.user/79FC296B/sources/s-EF4EDC0B/166E60EE
 create mode 100644 attendancePredictor/.Rproj.user/79FC296B/sources/s-EF4EDC0B/166E60EE-contents
 create mode 100644 attendancePredictor/.Rproj.user/79FC296B/sources/s-EF4EDC0B/92C42C3E
 create mode 100644 attendancePredictor/.Rproj.user/79FC296B/sources/s-EF4EDC0B/92C42C3E-contents
 create mode 100644 attendancePredictor/.Rproj.user/shared/notebooks/paths
 create mode 100644 attendancePredictor/controller.R
]0;~/Desktop/attendancePredictor/attendancePredictorCassandras-Air:attendancePredictor cassandrabayer$ git push origin master
fatal: 'origin' does not appear to be a git repository
fatal: Could not read from remote repository.

Please make sure you have the correct access rights
and the repository exists.
]0;~/Desktop/attendancePredictor/attendancePredictorCassandras-Air:attendancePredictor cassandrabayer$ git push origina [K[K attendance [KPreid[K[Kdictor
error: src refspec attendancePredictor does not match any.
error: failed to push some refs to 'origin'
]0;~/Desktop/attendancePredictor/attendancePredictorCassandras-Air:attendancePredictor cassandrabayer$ 